HI-TECH Software C Compiler 

Linker command line:

--edf=C:\Program Files\HI-TECH Software\PICC\9.83\dat\en_msgs.txt -cs \
  -h+LCD 8 BIT.sym -z -Q16F877A -ol.obj -MLCD 8 BIT.map -E1 \
  -ACONST=00h-0FFhx32 -ACODE=00h-07FFhx4 -ASTRCODE=00h-01FFFh \
  -AENTRY=00h-0FFhx32 -ASTRING=00h-0FFhx32 -ABANK0=020h-06Fh \
  -ABANK1=0A0h-0EFh -ABANK2=0110h-016Fh -ABANK3=0190h-01EFh \
  -ARAM=020h-06Fh,0A0h-0EFh,0110h-016Fh,0190h-01EFh \
  -AABS1=020h-07Fh,0A0h-0EFh,0110h-016Fh,0190h-01EFh -ACOMMON=070h-07Fh \
  -ASFR0=00h-01Fh -ASFR1=080h-09Fh -ASFR2=0100h-010Fh -ASFR3=0180h-018Fh \
  -preset_vec=00h,intentry,init,end_init -ppowerup=CODE -pfunctab=CODE \
  -ACONFIG=02007h-02007h -pconfig=CONFIG -DCONFIG=2 -AIDLOC=02000h-02003h \
  -pidloc=IDLOC -DIDLOC=2 -AEEDATA=00h-0FFh/02100h -peeprom_data=EEDATA \
  -DEEDATA=2 -DCODE=2 -DSTRCODE=2 -DSTRING=2 -DCONST=2 -DENTRY=2 -k \
  startup.obj LCD 8 BIT.obj 

Object code version is 3.10

Machine type is 16F877A



                Name                               Link     Load   Length Selector   Space Scale
startup.obj     end_init                              0        0        3        0       0
LCD 8 BIT.obj   config                             2007     2007        1     400E       0
                text104                             79B      79B       14      F36       0
                text103                             7AF      7AF       14      F5E       0
                text102                             7C3      7C3       1A      F86       0
                text101                             788      788       13      F10       0
                maintext                            7DD      7DD       23      FBA       0
                cstackCOMMON                         70       70        5       70       1
                cinit                               784      784        4      F08       0
                strings                               3        3       10        6       0

TOTAL           Name                               Link     Load   Length     Space
        CLASS   CONST          

        CLASS   CODE           
                end_init                              0        0        3         0
                text104                             79B      79B       14         0
                text103                             7AF      7AF       14         0
                text102                             7C3      7C3       1A         0
                text101                             788      788       13         0
                maintext                            7DD      7DD       23         0
                cinit                               784      784        4         0

        CLASS   STRCODE        

        CLASS   ENTRY          

        CLASS   STRING         
                strings                               3        3       10         0

        CLASS   BANK0          

        CLASS   BANK1          

        CLASS   BANK2          

        CLASS   BANK3          

        CLASS   RAM            

        CLASS   ABS1           
                abs_s1                               7E       7E        2         1

        CLASS   COMMON         
                cstackCOMMON                         70       70        5         1

        CLASS   SFR0           

        CLASS   SFR1           

        CLASS   SFR2           

        CLASS   SFR3           

        CLASS   CONFIG         
                config                             2007     2007        1         0

        CLASS   IDLOC          

        CLASS   EEDATA         



SEGMENTS        Name                           Load    Length   Top    Selector   Space  Class     Delta

                reset_vec                      000000  000003  000003         0       0  CODE        2
                strings                        000003  000010  000013         6       0  STRING      2
                cstackCOMMON                   000070  000005  000075        70       1  COMMON      1
                cinit                          000784  000004  000788       F08       0  CODE        2
                text101                        000788  000013  00079B       F10       0  CODE        2
                text104                        00079B  000014  0007AF       F36       0  CODE        2
                text103                        0007AF  000014  0007C3       F5E       0  CODE        2
                text102                        0007C3  00001A  0007DD       F86       0  CODE        2
                maintext                       0007DD  000023  000800       FBA       0  CODE        2
                config                         002007  000001  002008      400E       0  CONFIG      2


UNUSED ADDRESS RANGES

        Name                Unused          Largest block    Delta
        BANK0            0020-006F             50           1
        BANK1            00A0-00EF             50           1
        BANK2            0110-016F             60           1
        BANK3            0190-01EF             60           1
        CODE             0013-0783            771           2
                         0800-1FFF            800
        COMMON           0075-007D              9           1
        CONST            0013-0783            100           2
                         0800-1FFF            100
        EEDATA           2100-21FF            100           2
        ENTRY            0013-0783            100           2
                         0800-1FFF            100
        IDLOC            2000-2003              4           2
        RAM              0020-006F             50           1
                         00A0-00EF             50
                         0110-016F             60
                         0190-01EF             60
        SFR0             0000-001F             20           1
        SFR1             0080-009F             20           1
        SFR2             0100-010F             10           1
        SFR3             0180-018F             10           1
        STRCODE          0013-0783            771           2
                         0800-1FFF           1800
        STRING           0013-0783            100           2
                         0800-1FFF            100

                                  Symbol Table

??_Lcd_Command              cstackCOMMON 0070
??_Lcd_Data                 cstackCOMMON 0070
??_Lcd_Intialization        cstackCOMMON 0073
??_Lcd_String               cstackCOMMON 0073
??_main                     cstackCOMMON 0075
?_Lcd_Command               cstackCOMMON 0070
?_Lcd_Data                  cstackCOMMON 0070
?_Lcd_Intialization         cstackCOMMON 0070
?_Lcd_String                cstackCOMMON 0070
?_main                      cstackCOMMON 0070
Lcd_Command@cmd             cstackCOMMON 0072
Lcd_Data@Data               cstackCOMMON 0072
Lcd_String@Str              cstackCOMMON 0074
_CARRY                      (abs)        0018
_EEADR                      (abs)        010D
_EECON1                     (abs)        018C
_EECON2                     (abs)        018D
_EEDATA                     (abs)        010C
_GIE                        (abs)        005F
_Lcd_Command                text104      079B
_Lcd_Data                   text103      07AF
_Lcd_Intialization          text101      0788
_Lcd_String                 text102      07C3
_PORTB                      (abs)        0006
_PORTC                      (abs)        0007
_RC0                        (abs)        0038
_RC1                        (abs)        0039
_RD                         (abs)        0C60
_TRISB                      (abs)        0086
_TRISC                      (abs)        0087
_WR                         (abs)        0C61
_WREN                       (abs)        0C62
__Habs1                     abs1         0000
__Hbank0                    bank0        0000
__Hbank1                    bank1        0000
__Hbank2                    bank2        0000
__Hbank3                    bank3        0000
__Hcinit                    cinit        0000
__Hclrtext                  clrtext      0000
__Hcode                     code         0000
__Hcommon                   common       0000
__Hconfig                   config       2008
__HcstackCOMMON             cstackCOMMON 0000
__Heeprom_data              eeprom_data  0000
__Hend_init                 end_init     0003
__Hfunctab                  functab      0000
__Hidloc                    idloc        0000
__Hinit                     init         0000
__Hintentry                 intentry     0000
__Hmaintext                 maintext     0000
__Hpowerup                  powerup      0000
__Hram                      ram          0000
__Hreset_vec                reset_vec    0000
__Hsfr0                     sfr0         0000
__Hsfr1                     sfr1         0000
__Hsfr2                     sfr2         0000
__Hsfr3                     sfr3         0000
__Hstrings                  strings      0000
__Htext                     text         0000
__Labs1                     abs1         0000
__Lbank0                    bank0        0000
__Lbank1                    bank1        0000
__Lbank2                    bank2        0000
__Lbank3                    bank3        0000
__Lcinit                    cinit        0000
__Lclrtext                  clrtext      0000
__Lcode                     code         0000
__Lcommon                   common       0000
__Lconfig                   config       2007
__LcstackCOMMON             cstackCOMMON 0000
__Leeprom_data              eeprom_data  0000
__Lend_init                 end_init     0000
__Lfunctab                  functab      0000
__Lidloc                    idloc        0000
__Linit                     init         0000
__Lintentry                 intentry     0000
__Lmaintext                 maintext     0000
__Lpowerup                  powerup      0000
__Lram                      ram          0000
__Lreset_vec                reset_vec    0000
__Lsfr0                     sfr0         0000
__Lsfr1                     sfr1         0000
__Lsfr2                     sfr2         0000
__Lsfr3                     sfr3         0000
__Lstrings                  strings      0000
__Ltext                     text         0000
__S0                        (abs)        2008
__S1                        (abs)        0075
__S2                        (abs)        0000
__end_of_Lcd_Command        text104      07AF
__end_of_Lcd_Data           text103      07C3
__end_of_Lcd_Intialization  text101      079B
__end_of_Lcd_String         text102      07DD
__end_of_main               maintext     0800
__pcstackCOMMON             cstackCOMMON 0070
__pmaintext                 maintext     07DD
__pstrings                  strings      0003
__ptext100                  text100      0000
__ptext101                  text101      0788
__ptext102                  text102      07C3
__ptext103                  text103      07AF
__ptext104                  text104      079B
__ptext105                  text105      0000
__size_of_Lcd_Command       (abs)        0000
__size_of_Lcd_Data          (abs)        0000
__size_of_Lcd_Intialization (abs)        0000
__size_of_Lcd_String        (abs)        0000
__size_of_main              (abs)        0000
_exit                       init         0000
_main                       maintext     07DD
btemp                       (abs)        007E
end_of_initialization       cinit        0784
intlevel0                   functab      0000
intlevel1                   functab      0000
intlevel2                   functab      0000
intlevel3                   functab      0000
intlevel4                   functab      0000
intlevel5                   functab      0000
reset_vec                   reset_vec    0000
start                       init         0000
start_initialization        cinit        0784
wtemp0                      (abs)        007E
